[25Apr2026 20:07:05.845] [main/INFO] [cpw.mods.modlauncher.Launcher/MODLAUNCHER]: ModLauncher running: args [--launchTarget, forgeserverdev, --gameDir, ., --fml.fmlVersion, 4.0.42, --fml.mcVersion, 1.21.1, --fml.neoForgeVersion, 21.1.227, --fml.neoFormVersion, 20240808.144430, --nogui]
[25Apr2026 20:07:05.847] [main/INFO] [cpw.mods.modlauncher.Launcher/MODLAUNCHER]: JVM identified as Ubuntu OpenJDK 64-Bit Server VM 21.0.10+7-Ubuntu-124.04
[25Apr2026 20:07:05.848] [main/INFO] [cpw.mods.modlauncher.Launcher/MODLAUNCHER]: ModLauncher 11.0.5+main.901c6ea8 starting: java version 21.0.10 by Ubuntu; OS Linux arch amd64 version 6.17.0-22-generic
[25Apr2026 20:07:05.947] [main/INFO] [net.neoforged.fml.loading.ImmediateWindowHandler/]: ImmediateWindowProvider not loading because launch target is forgeserverdev
[25Apr2026 20:07:05.990] [main/INFO] [mixin/]: SpongePowered MIXIN Subsystem Version=0.8.7 Source=union:/home/drose/.gradle/caches/modules-2/files-2.1/net.fabricmc/sponge-mixin/0.15.2+mixin.0.8.7/2af2f021d8e02a0220dc27a7a72b4666d66d44ca/sponge-mixin-0.15.2+mixin.0.8.7.jar%2394!/ Service=ModLauncher Env=SERVER
[25Apr2026 20:07:06.737] [main/INFO] [net.neoforged.fml.loading.moddiscovery.locators.JarInJarDependencyLocator/]: Found 17 dependencies adding them to mods collection
[25Apr2026 20:07:06.738] [main/INFO] [net.neoforged.fml.loading.moddiscovery.ModDiscoverer/]: 
     Mod List:
		Name Version (Mod Id)

		Advancements Reloaded 0.6.1 (advancements_reloaded)
		Cloth Config v15 API 15.0.140 (cloth_config)
		Create 6.0.10 (create)
		Create Aeronautics 1.1.3 (aeronautics)
		Create Aeronautics 1.1.3 (aeronautics_bundled)
		Create Offroad 1.1.3 (offroad)
		Create Simulated 1.1.3 (simulated)
		Flywheel 1.0.6 (flywheel)
		Minecraft 1.21.1 (minecraft)
		NeoForge 21.1.227 (neoforge)
		Ponder 1.0.82+mc1.21.1 (ponder)
		Project Island 0.1.0 (projectisland)
		Sable 1.1.3 (sable)
		Sable Companion 1.5.0 (sablecompanion)
		Veil 3.6.2 (veil)
[25Apr2026 20:07:07.345] [main/INFO] [mixin/]: Compatibility level set to JAVA_21
[25Apr2026 20:07:07.402] [main/INFO] [cpw.mods.modlauncher.LaunchServiceHandler/MODLAUNCHER]: Launching target 'forgeserverdev' with arguments [--gameDir, ., --nogui]
[25Apr2026 20:07:07.453] [main/WARN] [mixin/]: Reference map 'veil.refmap.json' for veil.debug.mixins.json could not be read. If this is a development environment you can ignore this message
[25Apr2026 20:07:07.453] [main/WARN] [mixin/]: Reference map 'veil.refmap.json' for veil.dynamicbuffer.mixins.json could not be read. If this is a development environment you can ignore this message
[25Apr2026 20:07:07.454] [main/WARN] [mixin/]: Reference map 'veil.refmap.json' for veil.fix.mixins.json could not be read. If this is a development environment you can ignore this message
[25Apr2026 20:07:07.454] [main/WARN] [mixin/]: Reference map 'veil.refmap.json' for veil.framebuffer.mixins.json could not be read. If this is a development environment you can ignore this message
[25Apr2026 20:07:07.455] [main/WARN] [mixin/]: Reference map 'veil.refmap.json' for veil.imgui.mixins.json could not be read. If this is a development environment you can ignore this message
[25Apr2026 20:07:07.455] [main/WARN] [mixin/]: Reference map 'veil.refmap.json' for veil.necromancer.mixins.json could not be read. If this is a development environment you can ignore this message
[25Apr2026 20:07:07.456] [main/WARN] [mixin/]: Reference map 'veil.refmap.json' for veil.performance.mixins.json could not be read. If this is a development environment you can ignore this message
[25Apr2026 20:07:07.456] [main/WARN] [mixin/]: Reference map 'veil.refmap.json' for veil.perspective.mixins.json could not be read. If this is a development environment you can ignore this message
[25Apr2026 20:07:07.457] [main/WARN] [mixin/]: Reference map 'veil.refmap.json' for veil.pipeline.mixins.json could not be read. If this is a development environment you can ignore this message
[25Apr2026 20:07:07.457] [main/WARN] [mixin/]: Reference map 'veil.refmap.json' for veil.quasar.mixins.json could not be read. If this is a development environment you can ignore this message
[25Apr2026 20:07:07.457] [main/WARN] [mixin/]: Reference map 'veil.refmap.json' for veil.registry.mixins.json could not be read. If this is a development environment you can ignore this message
[25Apr2026 20:07:07.458] [main/WARN] [mixin/]: Reference map 'veil.refmap.json' for veil.rendertype.mixins.json could not be read. If this is a development environment you can ignore this message
[25Apr2026 20:07:07.458] [main/WARN] [mixin/]: Reference map 'veil.refmap.json' for veil.resource.mixins.json could not be read. If this is a development environment you can ignore this message
[25Apr2026 20:07:07.459] [main/WARN] [mixin/]: Reference map 'veil.refmap.json' for veil.scheduler.mixins.json could not be read. If this is a development environment you can ignore this message
[25Apr2026 20:07:07.459] [main/WARN] [mixin/]: Reference map 'veil.refmap.json' for veil.shader.mixins.json could not be read. If this is a development environment you can ignore this message
[25Apr2026 20:07:07.460] [main/WARN] [mixin/]: Reference map 'veil.refmap.json' for veil.neoforge.mixins.json could not be read. If this is a development environment you can ignore this message
[25Apr2026 20:07:07.460] [main/WARN] [mixin/]: Reference map 'simulated.refmap.json' for simulated.mixins.json could not be read. If this is a development environment you can ignore this message
[25Apr2026 20:07:07.464] [main/WARN] [mixin/]: Reference map 'aeronautics.refmap.json' for aeronautics.mixins.json could not be read. If this is a development environment you can ignore this message
[25Apr2026 20:07:07.472] [main/WARN] [mixin/]: Reference map 'ponder.refmap.json' for ponder-common.mixins.json could not be read. If this is a development environment you can ignore this message
[25Apr2026 20:07:07.479] [main/INFO] [dev.ryanhcode.sable.mixin.AbstractSableMixinPlugin/]: Using Vanilla renderer mixins
[25Apr2026 20:07:07.480] [main/INFO] [dev.ryanhcode.sable.mixin.AbstractSableMixinPlugin/]: Using Vanilla renderer mixins
[25Apr2026 20:07:07.481] [main/WARN] [mixin/]: Reference map 'offroad.refmap.json' for offroad.mixins.json could not be read. If this is a development environment you can ignore this message
[25Apr2026 20:07:07.755] [main/WARN] [mixin/]: Error loading class: mezz/jei/library/plugins/vanilla/ingredients/ItemStackListFactory (java.lang.ClassNotFoundException: mezz.jei.library.plugins.vanilla.ingredients.ItemStackListFactory)
[25Apr2026 20:07:08.017] [main/ERROR] [net.neoforged.fml.common.asm.RuntimeDistCleaner/DISTXFORM]: Attempted to load class net/minecraft/client/multiplayer/ClientLevel for invalid dist DEDICATED_SERVER
[25Apr2026 20:07:08.018] [main/WARN] [mixin/]: Error loading class: net/minecraft/client/multiplayer/ClientLevel (java.lang.RuntimeException: Attempted to load class net/minecraft/client/multiplayer/ClientLevel for invalid dist DEDICATED_SERVER)
[25Apr2026 20:07:08.106] [main/ERROR] [net.neoforged.fml.common.asm.RuntimeDistCleaner/DISTXFORM]: Attempted to load class net/minecraft/client/multiplayer/ClientLevel for invalid dist DEDICATED_SERVER
[25Apr2026 20:07:08.107] [main/WARN] [mixin/]: Error loading class: net/minecraft/client/multiplayer/ClientLevel (java.lang.RuntimeException: Attempted to load class net/minecraft/client/multiplayer/ClientLevel for invalid dist DEDICATED_SERVER)
[25Apr2026 20:07:08.130] [main/ERROR] [net.neoforged.fml.common.asm.RuntimeDistCleaner/DISTXFORM]: Attempted to load class net/minecraft/client/multiplayer/ClientLevel for invalid dist DEDICATED_SERVER
[25Apr2026 20:07:08.130] [main/WARN] [mixin/]: Error loading class: net/minecraft/client/multiplayer/ClientLevel (java.lang.RuntimeException: Attempted to load class net/minecraft/client/multiplayer/ClientLevel for invalid dist DEDICATED_SERVER)
[25Apr2026 20:07:08.320] [main/WARN] [mixin/]: Error loading class: org/jetbrains/annotations/ApiStatus$ScheduledForRemoval (java.lang.ClassNotFoundException: org.jetbrains.annotations.ApiStatus$ScheduledForRemoval)
[25Apr2026 20:07:08.336] [main/ERROR] [net.neoforged.fml.common.asm.RuntimeDistCleaner/DISTXFORM]: Attempted to load class net/minecraft/client/multiplayer/ClientLevel for invalid dist DEDICATED_SERVER
[25Apr2026 20:07:08.336] [main/WARN] [mixin/]: Error loading class: net/minecraft/client/multiplayer/ClientLevel (java.lang.RuntimeException: Attempted to load class net/minecraft/client/multiplayer/ClientLevel for invalid dist DEDICATED_SERVER)
[25Apr2026 20:07:08.338] [main/ERROR] [net.neoforged.fml.common.asm.RuntimeDistCleaner/DISTXFORM]: Attempted to load class net/minecraft/client/multiplayer/ClientLevel for invalid dist DEDICATED_SERVER
[25Apr2026 20:07:08.338] [main/WARN] [mixin/]: Error loading class: net/minecraft/client/multiplayer/ClientLevel (java.lang.RuntimeException: Attempted to load class net/minecraft/client/multiplayer/ClientLevel for invalid dist DEDICATED_SERVER)
[25Apr2026 20:07:08.350] [main/ERROR] [net.neoforged.fml.common.asm.RuntimeDistCleaner/DISTXFORM]: Attempted to load class net/minecraft/client/multiplayer/ClientLevel for invalid dist DEDICATED_SERVER
[25Apr2026 20:07:08.350] [main/WARN] [mixin/]: Error loading class: net/minecraft/client/multiplayer/ClientLevel (java.lang.RuntimeException: Attempted to load class net/minecraft/client/multiplayer/ClientLevel for invalid dist DEDICATED_SERVER)
[25Apr2026 20:07:08.352] [main/ERROR] [net.neoforged.fml.common.asm.RuntimeDistCleaner/DISTXFORM]: Attempted to load class net/minecraft/client/multiplayer/ClientLevel for invalid dist DEDICATED_SERVER
[25Apr2026 20:07:08.352] [main/WARN] [mixin/]: Error loading class: net/minecraft/client/multiplayer/ClientLevel (java.lang.RuntimeException: Attempted to load class net/minecraft/client/multiplayer/ClientLevel for invalid dist DEDICATED_SERVER)
[25Apr2026 20:07:08.365] [main/ERROR] [net.neoforged.fml.common.asm.RuntimeDistCleaner/DISTXFORM]: Attempted to load class net/minecraft/client/multiplayer/ClientLevel for invalid dist DEDICATED_SERVER
[25Apr2026 20:07:08.365] [main/WARN] [mixin/]: Error loading class: net/minecraft/client/multiplayer/ClientLevel (java.lang.RuntimeException: Attempted to load class net/minecraft/client/multiplayer/ClientLevel for invalid dist DEDICATED_SERVER)
[25Apr2026 20:07:08.366] [main/ERROR] [net.neoforged.fml.common.asm.RuntimeDistCleaner/DISTXFORM]: Attempted to load class net/minecraft/client/multiplayer/ClientLevel for invalid dist DEDICATED_SERVER
[25Apr2026 20:07:08.366] [main/WARN] [mixin/]: Error loading class: net/minecraft/client/multiplayer/ClientLevel (java.lang.RuntimeException: Attempted to load class net/minecraft/client/multiplayer/ClientLevel for invalid dist DEDICATED_SERVER)
[25Apr2026 20:07:08.479] [main/INFO] [MixinExtras|Service/]: Initializing MixinExtras via com.llamalad7.mixinextras.service.MixinExtrasServiceImpl(version=0.5.3).
[25Apr2026 20:07:09.625] [main/ERROR] [net.neoforged.fml.common.asm.RuntimeDistCleaner/DISTXFORM]: Attempted to load class net/minecraft/client/multiplayer/ClientLevel for invalid dist DEDICATED_SERVER
[25Apr2026 20:07:09.625] [main/WARN] [mixin/]: Error loading class: net/minecraft/client/multiplayer/ClientLevel (java.lang.RuntimeException: Attempted to load class net/minecraft/client/multiplayer/ClientLevel for invalid dist DEDICATED_SERVER)
[25Apr2026 20:07:09.632] [main/ERROR] [net.neoforged.fml.common.asm.RuntimeDistCleaner/DISTXFORM]: Attempted to load class net/minecraft/client/multiplayer/ClientLevel for invalid dist DEDICATED_SERVER
[25Apr2026 20:07:09.632] [main/WARN] [mixin/]: Error loading class: net/minecraft/client/multiplayer/ClientLevel (java.lang.RuntimeException: Attempted to load class net/minecraft/client/multiplayer/ClientLevel for invalid dist DEDICATED_SERVER)
[25Apr2026 20:07:09.640] [main/ERROR] [net.neoforged.fml.common.asm.RuntimeDistCleaner/DISTXFORM]: Attempted to load class net/minecraft/client/multiplayer/ClientLevel for invalid dist DEDICATED_SERVER
[25Apr2026 20:07:09.640] [main/WARN] [mixin/]: Error loading class: net/minecraft/client/multiplayer/ClientLevel (java.lang.RuntimeException: Attempted to load class net/minecraft/client/multiplayer/ClientLevel for invalid dist DEDICATED_SERVER)
[25Apr2026 20:07:14.367] [main/WARN] [net.minecraft.commands.Commands/]: Ambiguity between arguments [teleport, location] and [teleport, destination] with inputs: [0.1 -0.5 .9, 0 0 0]
[25Apr2026 20:07:14.369] [main/WARN] [net.minecraft.commands.Commands/]: Ambiguity between arguments [teleport, location] and [teleport, targets] with inputs: [0.1 -0.5 .9, 0 0 0]
[25Apr2026 20:07:14.372] [main/WARN] [net.minecraft.commands.Commands/]: Ambiguity between arguments [teleport, destination] and [teleport, targets] with inputs: [Player, 0123, @e, dd12be42-52a9-4a91-a8a1-11c01849e498]
[25Apr2026 20:07:14.373] [main/WARN] [net.minecraft.commands.Commands/]: Ambiguity between arguments [teleport, targets] and [teleport, destination] with inputs: [Player, 0123, dd12be42-52a9-4a91-a8a1-11c01849e498]
[25Apr2026 20:07:14.375] [main/WARN] [net.minecraft.commands.Commands/]: Ambiguity between arguments [teleport, targets, location] and [teleport, targets, destination] with inputs: [0.1 -0.5 .9, 0 0 0]
[25Apr2026 20:07:14.423] [modloading-worker-0/INFO] [Veil/]: Veil is initializing.
[25Apr2026 20:07:14.424] [modloading-worker-0/INFO] [codes.atomys.advr.AdvancementsReloadedNeoForge/]: [AdvancementsReloaded] Starting...
[25Apr2026 20:07:14.425] [modloading-worker-0/WARN] [codes.atomys.advr.AdvancementsReloadedNeoForge/]: [AdvancementsReloaded] Not supported on dedicated server!
[25Apr2026 20:07:14.440] [modloading-worker-0/INFO] [net.neoforged.neoforge.common.NeoForgeMod/NEOFORGE-MOD]: NeoForge mod loading, version 21.1.227, for MC 1.21.1
[25Apr2026 20:07:14.456] [modloading-worker-0/INFO] [com.simibubi.create.Create/]: Create 6.0.10 initializing! Commit hash: ac0c444d9828da3453ae8cc65338e8de063286fb
[25Apr2026 20:07:15.839] [modloading-worker-0/INFO] [dev.ryanhcode.sable.Sable/]: Sable loaded!
[25Apr2026 20:07:17.920] [modloading-worker-0/INFO] [net.projectisland.ProjectIsland/]: Project Island common setup
[25Apr2026 20:07:18.055] [main/INFO] [com.mojang.authlib.yggdrasil.YggdrasilAuthenticationService/]: Environment: Environment[sessionHost=https://sessionserver.mojang.com, servicesHost=https://api.minecraftservices.com, name=PROD]
[25Apr2026 20:07:18.090] [NeoForge Version Check/INFO] [net.neoforged.fml.VersionChecker/]: [create] Starting version check at https://api.modrinth.com/updates/create/forge_updates.json?neoforge=only
[25Apr2026 20:07:18.146] [main/WARN] [net.minecraft.server.packs.VanillaPackResourcesBuilder/]: Assets URL 'union:/home/drose/Projects/Project%20Island/build/moddev/artifacts/neoforge-21.1.227.jar%23130!/assets/.mcassetsroot' uses unexpected schema
[25Apr2026 20:07:18.146] [main/WARN] [net.minecraft.server.packs.VanillaPackResourcesBuilder/]: Assets URL 'union:/home/drose/Projects/Project%20Island/build/moddev/artifacts/neoforge-21.1.227.jar%23130!/data/.mcassetsroot' uses unexpected schema
[25Apr2026 20:07:18.236] [main/INFO] [com.simibubi.create.Create/]: Created 157 recipes which will be injected into the game
[25Apr2026 20:07:18.245] [main/INFO] [com.simibubi.create.Create/]: Created 0 tags which will be injected into the game
[25Apr2026 20:07:18.435] [NeoForge Version Check/INFO] [net.neoforged.fml.VersionChecker/]: [create] Found status: OUTDATED Current: 6.0.10 Target: 6.0.10+mc1.21.1
[25Apr2026 20:07:18.435] [NeoForge Version Check/INFO] [net.neoforged.fml.VersionChecker/]: [advancements_reloaded] Starting version check at https://api.modrinth.com/updates/advancements-reloaded/forge_updates.json
[25Apr2026 20:07:18.628] [NeoForge Version Check/INFO] [net.neoforged.fml.VersionChecker/]: [advancements_reloaded] Found status: BETA_OUTDATED Current: 0.6.1 Target: 0.6.1+forge-1.21.1
[25Apr2026 20:07:19.144] [Worker-Main-8/INFO] [net.projectisland.island.FloatingIslandDisplayNameReloader/]: Loaded 30 adjectives and 30 nouns for floating island display names
[25Apr2026 20:07:19.501] [main/INFO] [net.minecraft.world.item.crafting.RecipeManager/]: Loaded 2941 recipes
[25Apr2026 20:07:19.815] [main/INFO] [net.minecraft.advancements.AdvancementTree/]: Loaded 2651 advancements
[25Apr2026 20:07:21.176] [Server thread/INFO] [net.minecraft.server.dedicated.DedicatedServer/]: Starting minecraft server version 1.21.1
[25Apr2026 20:07:21.176] [Server thread/INFO] [net.minecraft.server.dedicated.DedicatedServer/]: Loading properties
[25Apr2026 20:07:21.176] [Server thread/INFO] [net.minecraft.server.dedicated.DedicatedServer/]: Default game type: SURVIVAL
[25Apr2026 20:07:21.176] [Server thread/INFO] [net.minecraft.server.MinecraftServer/]: Generating keypair
[25Apr2026 20:07:21.246] [Server thread/INFO] [net.minecraft.server.dedicated.DedicatedServer/]: Starting Minecraft server on *:25565
[25Apr2026 20:07:21.295] [Server thread/INFO] [dev.ryanhcode.sable.Sable/]: Adding UDP server channel future
[25Apr2026 20:07:21.339] [Netty Epoll Server IO #0/INFO] [dev.ryanhcode.sable.Sable/]: Server UDP channel active
[25Apr2026 20:07:21.340] [Server th[25Apr2026 20:07:21.369] [main/INFO] [EARLYDISPLAY/]: Trying GL version 4.6
[25Apr2026 20:07:21.424] [main/INFO] [EARLYDISPLAY/]: Requested GL version 4.6 got version 4.6
[25Apr2026 20:07:21.545] [main/INFO] [mixin/]: SpongePowered MIXIN Subsystem Version=0.8.7 Source=union:/home/drose/.gradle/caches/modules-2/files-2.1/net.fabricmc/sponge-mixin/0.15.2+mixin.0.8.7/2af2f021d8e02a0220dc27a7a72b4666d66d44ca/sponge-mixin-0.15.2+mixin.0.8.7.jar%23126!/ Service=ModLauncher Env=CLIENT
[25Apr2026 20:07:21.656] [pool-2-thread-1/INFO] [EARLYDISPLAY/]: GL info: Mesa Intel(R) UHD Graphics (CML GT2) GL version 4.6 (Core Profile) Mesa 25.2.8-0ubuntu0.24.04.1, Intel
[25Apr2026 20:07:22.530] [main/INFO] [net.neoforged.fml.loading.moddiscovery.locators.JarInJarDependencyLocator/]: Found 17 dependencies adding them to mods collection
[25Apr2026 20:07:22.531] [main/INFO] [net.neoforged.fml.loading.moddiscovery.ModDiscoverer/]: 
     Mod List:
		Name Version (Mod Id)

		Advancements Reloaded 0.6.1 (advancements_reloaded)
		Cloth Config v15 API 15.0.140 (cloth_config)
		Create 6.0.10 (create)
		Create Aeronautics 1.1.3 (aeronautics)
		Create Aeronautics 1.1.3 (aeronautics_bundled)
		Create Offroad 1.1.3 (offroad)
		Create Simulated 1.1.3 (simulated)
		Flywheel 1.0.6 (flywheel)
		Minecraft 1.21.1 (minecraft)
		NeoForge 21.1.227 (neoforge)
		Ponder 1.0.82+mc1.21.1 (ponder)
		Project Island 0.1.0 (projectisland)
		Sable 1.1.3 (sable)
		Sable Companion 1.5.0 (sablecompanion)
		Veil 3.6.2 (veil)
[25Apr2026 20:07:23.164] [main/INFO] [mixin/]: Compatibility level set to JAVA_21
[25Apr2026 20:07:23.217] [main/INFO] [cpw.mods.modlauncher.LaunchServiceHandler/MODLAUNCHER]: Launching target 'forgeclientdev' with arguments [--version, 21.1.227, --gameDir, ., --assetsDir, /home/drose/.gradle/caches/neoformruntime/assets, --assetIndex, 17]
[25Apr2026 20:07:23.270] [main/WARN] [mixin/]: Reference map 'veil.refmap.json' for veil.debug.mixins.json could not be read. If this is a development environment you can ignore this message
[25Apr2026 20:07:23.271] [main/WARN] [mixin/]: Reference map 'veil.refmap.json' for veil.dynamicbuffer.mixins.json could not be read. If this is a development environment you can ignore this message
[25Apr2026 20:07:23.272] [main/WARN] [mixin/]: Reference map 'veil.refmap.json' for[25Apr2026 20:07:46.310] [Server thread/INFO] [net.minecraft.server.players.PlayerList/]: Dev[/[fd7d:f38b:fc32:cf76:8c31:4b3a:907e:1d49]:47648] logged in with entity id 1 at (45.42360551414713, 126.0, 218.4421099182945)
[25Apr2026 20:07:46.318] [Server thread/INFO] [dev.ryanhcode.sable.Sable/]: Beginning attempted authentication with player Dev
[25Apr2026 20:07:46.415] [Server thread/INFO] [net.minecraft.server.MinecraftServer/]: Dev joined the game
[25Apr2026 20:07:46.885] [Netty Epoll Server IO #0/INFO] [dev.ryanhcode.sable.Sable/]: UDP authentication complete with /[fd7d:f38b:fc32:cf76:8c31:4b3a:907e:1d49%0]:47648, UDP routing to /[fd7d:f38b:fc32:cf76:8c31:4b3a:907e:1d49%0]:41954
[25Apr2026 20:09:08.650] [Server thread/INFO] [net.minecraft.server.MinecraftServer/]: [Dev: Set own game mode to Creative Mode]
[25Apr2026 20:09:20.720] [Server thread/INFO] [net.minecraft.server.network.ServerGamePacketListenerImpl/]: Dev lost connection: Disconnected
[25Apr2026 20:09:20.720] [Server thread/INFO] [net.minecraft.server.MinecraftServer/]: Dev left the game
[25Apr2026 20:09:25.469] [Server thread/INFO] [net.minecraft.server.MinecraftServer/]: Stopping server
[25Apr2026 20:09:25.469] [Server thread/INFO] [net.minecraft.server.MinecraftServer/]: Saving players
[25Apr2026 20:09:25.469] [Server thread/INFO] [net.minecraft.server.MinecraftServer/]: Saving worlds
[25Apr2026 20:09:25.492] [Server thread/INFO] [net.minecraft.server.MinecraftServer/]: Saving chunks for level 'ServerLevel[world]'/minecraft:overworld
[25Apr2026 20:09:25.492] [Server thread/INFO] [dev.ryanhcode.sable.Sable/]: Saving sub-levels for level 'ServerLevel[world]'/minecraft:overworld
[25Apr2026 20:09:25.502] [Server thread/INFO] [net.minecraft.server.MinecraftServer/]: Saving chunks for level 'ServerLevel[world]'/minecraft:the_nether
[25Apr2026 20:09:25.503] [Server thread/INFO] [dev.ryanhcode.sable.Sable/]: Saving sub-levels for level 'ServerLevel[world]'/minecraft:the_nether
[25Apr2026 20:09:25.506] [Server thread/INFO] [net.minecraft.server.MinecraftServer/]: Saving chunks for level 'ServerLevel[world]'/minecraft:the_end
[25Apr2026 20:09:25.506] [Server thread/INFO] [dev.ryanhcode.sable.Sable/]: Saving sub-levels for level 'ServerLevel[world]'/minecraft:the_end
[25Apr2026 20:09:25.513] [Server thread/INFO] [net.minecraft.server.MinecraftServer/]: ThreadedAnvilChunkStorage (world): All chunks are saved
[25Apr2026 20:09:25.513] [Server thread/INFO] [net.minecraft.server.MinecraftServer/]: ThreadedAnvilChunkStorage (DIM-1): All chunks are saved
[25Apr2026 20:09:25.513] [Server thread/INFO] [net.minecraft.server.MinecraftServer/]: ThreadedAnvilChunkStorage (DIM1): All chunks are saved
[25Apr2026 20:09:25.513] [Server thread/INFO] [net.minecraft.server.MinecraftServer/]: ThreadedAnvilChunkStorage: All dimensions are saved

[25Apr2026 20:07:23.282] [main/WARN] [mixin/]: Reference map 'aeronautics.refmap.json' for aeronautics.mixins.json could not be read. If this is a development environment you can ignore this message
[25Apr2026 20:07:23.290] [main/WARN] [mixin/]: Reference map 'ponder.refmap.json' for ponder-common.mixins.json could not be read. If this is a development environment you can ignore this message
[25Apr2026 20:07:23.297] [main/INFO] [dev.ryanhcode.sable.mixin.AbstractSableMixinPlugin/]: Using Vanilla renderer mixins
[25Apr2026 20:07:23.298] [main/INFO] [dev.ryanhcode.sable.mixin.AbstractSableMixinPlugin/]: Using Vanilla renderer mixins
[25Apr2026 20:07:23.300] [main/WARN] [mixin/]: Reference map 'offroad.refmap.json' for offroad.mixins.json could not be read. If this is a development environment you can ignore this message
[25Apr2026 20:07:23.642] [main/WARN] [mixin/]: Error loading class: net/irisshaders/iris/pipeline/PipelineManager (java.lang.ClassNotFoundException: net.irisshaders.iris.pipeline.PipelineManager)
[25Apr2026 20:07:23.643] [main/WARN] [mixin/]: @Mixin target net.irisshaders.iris.pipeline.PipelineManager was not found veil.neoforge.mixins.json:client.perspective.iris.PipelineManagerMixin from mod veil
[25Apr2026 20:07:23.702] [main/WARN] [mixin/]: Error loading class: mezz/jei/library/plugins/vanilla/ingredients/ItemStackListFactory (java.lang.ClassNotFoundException: mezz.jei.library.plugins.vanilla.ingredients.ItemStackListFactory)
[25Apr2026 20:07:24.350] [main/WARN] [mixin/]: Error loading class: org/jetbrains/annotations/ApiStatus$ScheduledForRemoval (java.lang.ClassNotFoundException: org.jetbrains.annotations.ApiStatus$ScheduledForRemoval)
[25Apr2026 20:07:24.415] [main/INFO] [MixinExtras|Service/]: Initializing MixinExtras via com.llamalad7.mixinextras.service.MixinExtrasServiceImpl(version=0.5.3).
[25Apr2026 20:07:25.835] [Datafixer Bootstrap/INFO] [com.mojang.datafixers.DataFixerBuilder/]: 229 Datafixer optimizations took 302 milliseconds
[25Apr2026 20:07:30.282] [main/WARN] [net.minecraft.commands.Commands/]: Ambiguity between arguments [teleport, location] and [teleport, destination] with inputs: [0.1 -0.5 .9, 0 0 0]
[25Apr2026 20:07:30.284] [main/WARN] [net.minecraft.commands.Commands/]: Ambiguity between arguments [teleport, location] and [teleport, targets] with inputs: [0.1 -0.5 .9, 0 0 0]
[25Apr2026 20:07:30.287] [main/WARN] [net.minecraft.commands.Commands/]: Ambiguity between arguments [teleport, destination] and [teleport, targets] with inputs: [Player, 0123, @e, dd12be42-52a9-4a91-a8a1-11c01849e498]
[25Apr2026 20:07:30.288] [main/WARN] [net.minecraft.commands.Commands/]: Ambiguity between arguments [teleport, targets] and [teleport, destination] with inputs: [Player, 0123, dd12be42-52a9-4a91-a8a1-11c01849e498]
[25Apr2026 20:07:30.289] [main/WARN] [net.minecraft.commands.Commands/]: Ambiguity between arguments [teleport, targets, location] and [teleport, targets, destination] with inputs: [0.1 -0.5 .9, 0 0 0]
[25Apr2026 20:07:30.463] [Render thread/WARN] [net.minecraft.server.packs.VanillaPackResourcesBuilder/]: Assets URL 'union:/home/drose/Projects/Project%20Island/build/moddev/artifacts/neoforge-21.1.227.jar%23182!/assets/.mcassetsroot' uses unexpected schema
[25Apr2026 20:07:30.463] [Render thread/WARN] [net.minecraft.server.packs.VanillaPackResourcesBuilder/]: Assets URL 'union:/home/drose/Projects/Project%20Island/build/moddev/artifacts/neoforge-21.1.227.jar%23182!/data/.mcassetsroot' uses unexpected schema
[25Apr2026 20:07:30.480] [Render thread/INFO] [com.mojang.authlib.yggdrasil.YggdrasilAuthenticationService/]: Environment: Environment[sessionHost=https://sessionserver.mojang.com, servicesHost=https://api.minecraftservices.com, name=PROD]
[25Apr2026 20:07:30.486] [Render thread/INFO] [net.minecraft.client.Minecraft/]: Setting user: Dev
[25Apr2026 20:07:30.556] [Render thread/INFO] [net.minecraft.client.Minecraft/]: Backend library: LWJGL version 3.3.3+5
[25Apr2026 20:07:30.896] [modloading-worker-0/INFO] [Veil/]: Veil is initializing.
[25Apr2026 20:07:30.897] [modloading-worker-0/INFO] [codes.atomys.advr.AdvancementsReloadedNeoForge/]: [AdvancementsReloaded] Starting...
[25Apr2026 20:07:30.901] [modloading-worker-0/INFO] [codes.atomys.advr.AdvancementsReloadedNeoForge/]: [AdvancementsReloaded] Loading...
[25Apr2026 20:07:30.907] [modloading-worker-0/INFO] [codes.atomys.advr.AdvancementsReloadedNeoForge/]: [AdvancementsReloaded] All done!
[25Apr2026 20:07:30.925] [modloading-worker-0/INFO] [net.neoforged.neoforge.common.NeoForgeMod/NEOFORGE-MOD]: NeoForge mod loading, version 21.1.227, for MC 1.21.1
[25Apr2026 20:07:31.179] [modloading-worker-0/INFO] [com.simibubi.create.Create/]: Create 6.0.10 initializing! Commit hash: ac0c444d9828da3453ae8cc65338e8de063286fb
[25Apr2026 20:07:32.729] [modloading-worker-0/INFO] [dev.ryanhcode.sable.Sable/]: Sable loaded!
[25Apr2026 20:07:32.741] [modloading-worker-0/WARN] [dev.ryanhcode.sable.Sable/]: NOTE: Sable is loaded with Flywheel. Sable contains extensive shader overrides and a full light-storage replacement. Expect this to cause compatibility issues. If issues arise, please report them to the Sable issue tracker (https://github.com/ryanhcode/sable/issues) instead of the Flywheel issue tracker.
[25Apr2026 20:07:34.855] [Render thread/INFO] [Veil/]: GL Debug supported
[25Apr2026 20:07:35.147] [Render thread/INFO] [net.neoforged.neoforge.gametest.GameTestHooks/]: Enabled Gametest Namespaces: [projectisland]
[25Apr2026 20:07:35.521] [Render thread/INFO] [net.minecraft.server.packs.resources.ReloadableResourceManager/]: Reloading ResourceManager: vanilla, mod_resources, mod/veil, mod/simulated, mod/aeronautics, mod/aeronautics_bundled, mod/projectisland, mod/cloth_config, mod/sablecompanion, mod/flywheel, mod/ponder, mod/create, mod/sable, mod/advancements_reloaded, mod/offroad, mod/neoforge, mod/projectisland:resourcepacks/bundled_unshaded_blocks, file/ProjectIslandsTitle.zip
[25Apr2026 20:07:35.534] [Worker-Main-5/INFO] [net.projectisland.ProjectIsland/]: Project Island common setup
[25Apr2026 20:07:35.558] [NeoForge Version Check/INFO] [net.neoforged.fml.VersionChecker/]: [create] Starting version check at https://api.modrinth.com/updates/create/forge_updates.json?neoforge=only
[25Apr2026 20:07:35.593] [Worker-Main-1/INFO] [net.minecraft.client.gui.font.providers.UnihexProvider/]: Found unifont_all_no_pua-15.1.05.hex, loading
[25Apr2026 20:07:35.879] [Worker-Main-8/INFO] [net.minecraft.client.gui.font.providers.UnihexProvider/]: Found unifont_jp_patch-15.1.05.hex, loading
[25Apr2026 20:07:36.044] [NeoForge Version Check/INFO] [net.neoforged.fml.VersionChecker/]: [create] Found status: OUTDATED Current: 6.0.10 Target: 6.0.10+mc1.21.1
[25Apr2026 20:07:36.044] [NeoForge Version Check/INFO] [net.neoforged.fml.VersionChecker/]: [advancements_reloaded] Starting version check at https://api.modrinth.com/updates/advancements-reloaded/forge_updates.json
[25Apr2026 20:07:36.221] [NeoForge Version Check/INFO] [net.neoforged.fml.VersionChecker/]: [advancements_reloaded] Found status: BETA_OUTDATED Current: 0.6.1 Target: 0.6.1+forge-1.21.1
[25Apr2026 20:07:36.882] [Worker-Main-10/WARN] [net.minecraft.client.resources.model.ModelBakery/]: Unable to load model: 'minecraft:block' referenced from: simulated:block/rope_connector/block_horizontal: java.io.FileNotFoundException: minecraft:models/block.json
[25Apr2026 20:07:38.250] [Render thread/INFO] [Veil/]: Loaded 0 shader modifications
[25Apr2026 20:07:38.419] [Render thread/INFO] [Veil/]: Loaded 29 shaders from: pinwheel/shaders/program
[25Apr2026 20:07:38.526] [Worker-Main-1/INFO] [PonderIndex/]: Registering Ponder Scenes took 86.63 ms
[25Apr2026 20:07:38.531] [Worker-Main-1/INFO] [PonderIndex/]: Registering Ponder Tags took 5.192 ms
[25Apr2026 20:07:38.624] [Render thread/WARN] [net.minecraft.client.sounds.SoundEngine/]: Missing sound for event: minecraft:item.goat_horn.play
[25Apr2026 20:07:38.624] [Render thread/WARN] [net.minecraft.client.sounds.SoundEngine/]: Missing sound for event: minecraft:entity.goat.screaming.horn_break
[25Apr2026 20:07:38.744] [Render thread/INFO] [com.mojang.blaze3d.audio.Library/]: OpenAL initialized on device Built-in Audio Analog Stereo
[25Apr2026 20:07:38.744] [Render thread/INFO] [net.minecraft.client.sounds.SoundEngine/SOUNDS]: Sound engine started
[25Apr2026 20:07:38.848] [Render thread/INFO] [net.minecraft.client.renderer.texture.TextureAtlas/]: Created: 2048x1024x4 minecraft:textures/atlas/blocks.png-atlas
[25Apr2026 20:07:38.960] [Render thread/INFO] [net.minecraft.client.renderer.texture.TextureAtlas/]: Created: 256x256x4 minecraft:textures/atlas/signs.png-atlas
[25Apr2026 20:07:38.962] [Render thread/INFO] [net.minecraft.client.renderer.texture.TextureAtlas/]: Created: 512x512x4 minecraft:textures/atlas/shield_patterns.png-atlas
[25Apr2026 20:07:38.965] [Render thread/INFO] [net.minecraft.client.renderer.texture.TextureAtlas/]: Created: 512x512x4 minecraft:textures/atlas/banner_patterns.png-atlas
[25Apr2026 20:07:38.968] [Render thread/INFO] [net.minecraft.client.renderer.texture.TextureAtlas/]: Created: 2048x1024x4 minecraft:textures/atlas/armor_trims.png-atlas
[25Apr2026 20:07:39.005] [Render thread/INFO] [net.minecraft.client.renderer.texture.TextureAtlas/]: Created: 256x256x4 minecraft:textures/atlas/chest.png-atlas
[25Apr2026 20:07:39.006] [Render thread/INFO] [net.minecraft.client.renderer.texture.TextureAtlas/]: Created: 128x64x4 minecraft:textures/atlas/decorated_pot.png-atlas
[25Apr2026 20:07:39.007] [Render thread/INFO] [net.minecraft.client.renderer.texture.TextureAtlas/]: Created: 512x256x4 minecraft:textures/atlas/beds.png-atlas
[25Apr2026 20:07:39.008] [Render thread/INFO] [net.minecraft.client.renderer.texture.TextureAtlas/]: Created: 512x256x4 minecraft:textures/atlas/shulker_boxes.png-atlas
[25Apr2026 20:07:39.060] [Render thread/INFO] [net.minecraft.client.renderer.texture.TextureAtlas/]: Created: 512x512x0 minecraft:textures/atlas/particles.png-atlas
[25Apr2026 20:07:39.064] [Render thread/INFO] [net.minecraft.client.renderer.texture.TextureAtlas/]: Created: 512x256x0 minecraft:textures/atlas/paintings.png-atlas
[25Apr2026 20:07:39.066] [Render thread/INFO] [net.minecraft.client.renderer.texture.TextureAtlas/]: Created: 256x128x0 minecraft:textures/atlas/mob_effects.png-atlas
[25Apr2026 20:07:39.066] [Render thread/INFO] [net.minecraft.client.renderer.texture.TextureAtlas/]: Created: 64x64x0 minecraft:textures/atlas/map_decorations.png-atlas
[25Apr2026 20:07:39.066] [Render thread/INFO] [net.minecraft.client.renderer.texture.TextureAtlas/]: Created: 1024x512x0 minecraft:textures/atlas/gui.png-atlas
[25Apr2026 20:07:39.098] [Render thread/WARN] [net.minecraft.client.renderer.ShaderInstance/]: Shader rendertype_entity_translucent_emissive could not find sampler named Sampler2 in the specified shader program.
[25Apr2026 20:07:39.186] [Render thread/INFO] [Veil/]: Loaded 2 ImGui fonts
[25Apr2026 20:07:39.186] [Render thread/INFO] [Veil/]: Loaded 3 framebuffers
[25Apr2026 20:07:39.207] [Render thread/INFO] [Veil/]: Loaded 6 post pipelines
[25Apr2026 20:07:39.212] [Render thread/INFO] [Veil/]: Loaded 4 render types
[25Apr2026 20:07:39.213] [Render thread/INFO] [Veil/]: Enabled bloom pipeline
[25Apr2026 20:07:39.213] [Render thread/INFO] [Veil/]: Loaded 0 quasar particles
[25Apr2026 20:07:39.213] [Render thread/INFO] [Veil/]: Loaded 0 templates
[25Apr2026 20:07:39.213] [Render thread/INFO] [Veil/]: Loaded 0 modules
[25Apr2026 20:07:39.241] [Render thread/INFO] [flywheel/backend/shaders/]: Loaded 77 shader sources in 21.281 ms
[25Apr2026 20:07:39.261] [Render thread/INFO] [com.simibubi.create.Create/]: Loaded 58 train hat configurations.
[25Apr2026 20:07:39.262] [Render thread/INFO] [net.neoforged.neoforge.client.entity.animation.json.AnimationLoader/]: Loaded 0 entity animations
[25Apr2026 20:07:39.268] [Render thread/INFO] [Veil/]: Built veil:jetbrains_mono
[25Apr2026 20:07:39.270] [Render thread/INFO] [Veil/]: Built veil:remixicon
[25Apr2026 20:07:39.378] [Render thread/INFO] [Veil/]: Compiled 58 vanilla shaders in 215.0 ms
[25Apr2026 20:07:40.316] [Render thread/INFO] [Veil/]: Finished uploading vanilla shaders
[25Apr2026 20:07:44.127] [Render thread/INFO] [net.minecraft.client.gui.screens.ConnectScreen/]: Connecting to fd7d:f38b:fc32:cf76:8c31:4b3a:907e:1d49, 25565
[25Apr2026 20:07:44.338] [Server Connector #1/INFO] [dev.ryanhcode.sable.Sable/]: Starting remote client UDP channel future
[25Apr2026 20:07:44.347] [Netty Epoll Client IO #1/INFO] [dev.ryanhcode.sable.Sable/]: Client UDP channel active
[25Apr2026 20:07:44.709] [Render thread/INFO] [com.simibubi.create.Create/]: Created 157 recipes which will be injected into the game
[25Apr2026 20:07:44.713] [Render thread/INFO] [com.simibubi.create.Create/]: Created 0 tags which will be injected into the game
[25Apr2026 20:07:46.848] [Render thread/INFO] [flywheel/]: Started 6 worker threads
[25Apr2026 20:07:46.871] [Render thread/INFO] [dev.ryanhcode.sable.Sable/]: Received authentication request, sending response over UDP to fd7d:f38b:fc32:cf76:8c31:4b3a:907e:1d49/[fd7d:f38b:fc32:cf76:8c31:4b3a:907e:1d49]:25565
[25Apr2026 20:07:46.976] [Render thread/INFO] [net.minecraft.advancements.AdvancementTree/]: Loaded 2 advancements
[25Apr2026 20:07:46.987] [Render thread/INFO] [net.minecraft.advancements.AdvancementTree/]: Loaded 3 advancements
[25Apr2026 20:07:47.535] [Render thread/INFO] [Veil/]: Multi-Bind unsupported, using legacy
[25Apr2026 20:08:13.023] [Render thread/INFO] [net.minecraft.client.gui.components.ChatComponent/]: [System] [CHAT] Couldn't grant advancement projectisland:progression/root to Dev as they already have it
[25Apr2026 20:09:08.654] [Render thread/INFO] [net.minecraft.client.gui.components.ChatComponent/]: [System] [CHAT] Set own game mode to Creative Mode
[25Apr2026 20:09:20.710] [Netty Epoll Client IO #1/INFO] [dev.ryanhcode.sable.Sable/]: Client UDP channel inactive
[25Apr2026 20:09:20.711] [Netty Epoll Client IO #1/INFO] [dev.ryanhcode.sable.Sable/]: Closed UDP channel!
[25Apr2026 20:09:22.425] [Render thread/INFO] [net.minecraft.client.Minecraft/]: Stopping!
